<html>
<body>
<pre>
<h1>µVision Build Log</h1>
<h2>Tool Versions:</h2>
IDE-Version: µVision V5.24.2.0
Copyright (C) 2017 ARM Ltd and ARM Germany GmbH. All rights reserved.
License Information: Neeharanshu Vilas Vaidya, NCSU, LIC=----
 
Tool Versions:
Toolchain:       MDK-Lite  Version: 5.24.1
Toolchain Path:  C:\Keil_v5\ARM\ARMCC\Bin
C Compiler:      Armcc.exe V5.06 update 5 (build 528)
Assembler:       Armasm.exe V5.06 update 5 (build 528)
Linker/Locator:  ArmLink.exe V5.06 update 5 (build 528)
Library Manager: ArmAr.exe V5.06 update 5 (build 528)
Hex Converter:   FromElf.exe V5.06 update 5 (build 528)
CPU DLL:         SARMCM3.DLL V5.24.1
Dialog DLL:      DARMCM1.DLL V1.18.0.0
Target DLL:      Segger\JL2CM3.dll V2.99.26.0
Dialog DLL:      TARMCM1.DLL V1.13.0.0
 
<h2>Project:</h2>
C:\Users\neeha\Desktop\Project_3_Submit\Project_3_Timer\ulibSD.uvprojx
Project File Date:  10/13/2017

<h2>Output:</h2>
*** Using Compiler 'V5.06 update 5 (build 528)', folder: 'C:\Keil_v5\ARM\ARMCC\Bin'
Build target 'Target 1'
compiling spi_io.c...
linking...
Program Size: Code=12376 RO-data=444 RW-data=5552 ZI-data=1648  
".\Objects\ulibSD.axf" - 0 Error(s), 0 Warning(s).

<h2>Software Packages used:</h2>

Package Vendor: ARM
                http://www.keil.com/pack/ARM.CMSIS.5.0.1.pack
                ARM.CMSIS.5.0.1
                CMSIS (Cortex Microcontroller Software Interface Standard)
   * Component: Keil RTX5 Variant: Library Version: 5.1.0
   * Component: CORE Version: 5.0.1
   * Component: RTOS2 Version: 2.1.0

Package Vendor: Keil
                http://www.keil.com/pack/Keil.Kinetis_KLxx_DFP.1.13.0.pack
                Keil.Kinetis_KLxx_DFP.1.13.0
                NXP Kinetis KLxx Series Device Support and Examples
   * Component: Startup Version: 2.5.0

<h2>Collection of Component include folders:</h2>
  .\RTE\CMSIS
  .\RTE\Device\MKL25Z128xxx4
  .\RTE\_Target_1
  C:\Keil_v5\ARM\PACK\ARM\CMSIS\5.0.1\CMSIS\Include
  C:\Keil_v5\ARM\PACK\ARM\CMSIS\5.0.1\CMSIS\RTOS2\Include
  C:\Keil_v5\ARM\PACK\ARM\CMSIS\5.0.1\CMSIS\RTOS2\RTX\Include
  C:\Keil_v5\ARM\PACK\Keil\Kinetis_KLxx_DFP\1.13.0\Device\Include

<h2>Collection of Component Files used:</h2>

   * Component: Keil::Device:Startup:2.5.0
      Include file:  Device\Source\system_MKL25Z4.h
      Source file:   Device\Source\system_MKL25Z4.c
      Source file:   Device\Source\ARM\startup_MKL25Z4.s

   * Component: ARM::CMSIS:RTOS2:Keil RTX5:Library:5.1.0
      Source file:   CMSIS\RTOS2\RTX\Source\rtx_lib.c
      Include file:  CMSIS\RTOS2\RTX\Include\rtx_os.h
      Source file:   CMSIS\RTOS2\RTX\Template\main.c
      Source file:   CMSIS\RTOS2\RTX\Template\MemPool.c
      Source file:   CMSIS\RTOS2\RTX\Template\Events.c
      Source file:   CMSIS\RTOS2\RTX\Template\MsgQueue.c
      Source file:   CMSIS\RTOS2\RTX\Template\Mutex.c
      Source file:   CMSIS\RTOS2\RTX\Template\Semaphore.c
      Source file:   CMSIS\RTOS2\RTX\Template\Timer.c
      Include file:  CMSIS\RTOS2\RTX\Config\RTX_Config.h
      Library file:  CMSIS\RTOS2\RTX\Library\ARM\RTX_CM0.lib
      Source file:   CMSIS\RTOS2\RTX\Config\RTX_Config.c
      Source file:   CMSIS\RTOS2\RTX\Template\Thread.c

   * Component: ARM::CMSIS:CORE:5.0.1

   * Component: ::CMSIS:RTOS2:2.1.0 (API)
      Include file:  CMSIS\RTOS2\Include\cmsis_os2.h
Build Time Elapsed:  00:00:04
</pre>
</body>
</html>
